node_modules/next/dist/client/image-component.d.ts(1,8): error TS1259: Module '"C:/Users/HP/paralearn-rms-web/node_modules/@types/react/index"' can only be default-imported using the 'esModuleInterop' flag
node_modules/sonner/dist/index.d.ts(1,8): error TS1259: Module '"C:/Users/HP/paralearn-rms-web/node_modules/@types/react/index"' can only be default-imported using the 'esModuleInterop' flag
src/components/Teacher/TeacherReportsPage.tsx(7,40): error TS2307: Cannot find module '@/reduxToolKit/store' or its corresponding type declarations.
src/components/Teacher/TeacherReportsPage.tsx(13,8): error TS2307: Cannot find module '@/reduxToolKit/teacher/teacherThunks' or its corresponding type declarations.
src/components/Teacher/TeacherReportsPage.tsx(14,37): error TS2307: Cannot find module '@/hooks/useSessionsAndTerms' or its corresponding type declarations.
src/components/Teacher/TeacherReportsPage.tsx(15,54): error TS2307: Cannot find module '@/reduxToolKit/api/endpoints/settings' or its corresponding type declarations.
src/components/Teacher/TeacherReportsPage.tsx(16,31): error TS6142: Module './TeacherHeader' was resolved to 'C:/Users/HP/paralearn-rms-web/src/components/Teacher/TeacherHeader.tsx', but '--jsx' is not set.
src/components/Teacher/TeacherReportsPage.tsx(17,22): error TS2307: Cannot find module '@/components/ui/card' or its corresponding type declarations.
src/components/Teacher/TeacherReportsPage.tsx(18,24): error TS2307: Cannot find module '@/components/ui/button' or its corresponding type declarations.
src/components/Teacher/TeacherReportsPage.tsx(19,23): error TS2307: Cannot find module '@/components/ui/badge' or its corresponding type declarations.
src/components/Teacher/TeacherReportsPage.tsx(20,26): error TS2307: Cannot find module '@/components/ui/checkbox' or its corresponding type declarations.
src/components/Teacher/TeacherReportsPage.tsx(21,23): error TS2307: Cannot find module '@/components/ui/input' or its corresponding type declarations.
src/components/Teacher/TeacherReportsPage.tsx(24,8): error TS2307: Cannot find module '@/components/ui/select' or its corresponding type declarations.
src/components/Teacher/TeacherReportsPage.tsx(27,8): error TS2307: Cannot find module '@/components/ui/dialog' or its corresponding type declarations.
src/components/Teacher/TeacherReportsPage.tsx(30,8): error TS2307: Cannot find module '@/components/ui/table' or its corresponding type declarations.
src/components/Teacher/TeacherReportsPage.tsx(35,23): error TS2307: Cannot find module '@/lib/api' or its corresponding type declarations.
src/components/Teacher/TeacherReportsPage.tsx(36,29): error TS2307: Cannot find module '@/components/common/ProductTour' or its corresponding type declarations.
src/components/Teacher/TeacherReportsPage.tsx(58,7): error TS17004: Cannot use JSX unless the '--jsx' flag is provided.
src/components/Teacher/TeacherReportsPage.tsx(59,9): error TS17004: Cannot use JSX unless the '--jsx' flag is provided.
src/components/Teacher/TeacherReportsPage.tsx(60,11): error TS17004: Cannot use JSX unless the '--jsx' flag is provided.
src/components/Teacher/TeacherReportsPage.tsx(61,11): error TS17004: Cannot use JSX unless the '--jsx' flag is provided.
src/components/Teacher/TeacherReportsPage.tsx(62,13): error TS17004: Cannot use JSX unless the '--jsx' flag is provided.
src/components/Teacher/TeacherReportsPage.tsx(63,13): error TS17004: Cannot use JSX unless the '--jsx' flag is provided.
src/components/Teacher/TeacherReportsPage.tsx(72,7): error TS17004: Cannot use JSX unless the '--jsx' flag is provided.
src/components/Teacher/TeacherReportsPage.tsx(73,9): error TS17004: Cannot use JSX unless the '--jsx' flag is provided.
src/components/Teacher/TeacherReportsPage.tsx(74,11): error TS17004: Cannot use JSX unless the '--jsx' flag is provided.
src/components/Teacher/TeacherReportsPage.tsx(75,11): error TS17004: Cannot use JSX unless the '--jsx' flag is provided.
src/components/Teacher/TeacherReportsPage.tsx(76,13): error TS17004: Cannot use JSX unless the '--jsx' flag is provided.
src/components/Teacher/TeacherReportsPage.tsx(77,13): error TS17004: Cannot use JSX unless the '--jsx' flag is provided.
src/components/Teacher/TeacherReportsPage.tsx(81,11): error TS17004: Cannot use JSX unless the '--jsx' flag is provided.
src/components/Teacher/TeacherReportsPage.tsx(82,13): error TS17004: Cannot use JSX unless the '--jsx' flag is provided.
src/components/Teacher/TeacherReportsPage.tsx(85,11): error TS17004: Cannot use JSX unless the '--jsx' flag is provided.
src/components/Teacher/TeacherReportsPage.tsx(95,7): error TS17004: Cannot use JSX unless the '--jsx' flag is provided.
src/components/Teacher/TeacherReportsPage.tsx(96,9): error TS17004: Cannot use JSX unless the '--jsx' flag is provided.
src/components/Teacher/TeacherReportsPage.tsx(97,11): error TS17004: Cannot use JSX unless the '--jsx' flag is provided.
src/components/Teacher/TeacherReportsPage.tsx(98,11): error TS17004: Cannot use JSX unless the '--jsx' flag is provided.
src/components/Teacher/TeacherReportsPage.tsx(99,13): error TS17004: Cannot use JSX unless the '--jsx' flag is provided.
src/components/Teacher/TeacherReportsPage.tsx(100,13): error TS17004: Cannot use JSX unless the '--jsx' flag is provided.
src/components/Teacher/TeacherReportsPage.tsx(144,5): error TS17004: Cannot use JSX unless the '--jsx' flag is provided.
src/components/Teacher/TeacherReportsPage.tsx(145,7): error TS17004: Cannot use JSX unless the '--jsx' flag is provided.
src/components/Teacher/TeacherReportsPage.tsx(146,9): error TS17004: Cannot use JSX unless the '--jsx' flag is provided.
src/components/Teacher/TeacherReportsPage.tsx(147,11): error TS17004: Cannot use JSX unless the '--jsx' flag is provided.
src/components/Teacher/TeacherReportsPage.tsx(151,11): error TS17004: Cannot use JSX unless the '--jsx' flag is provided.
src/components/Teacher/TeacherReportsPage.tsx(152,13): error TS17004: Cannot use JSX unless the '--jsx' flag is provided.
src/components/Teacher/TeacherReportsPage.tsx(153,13): error TS17004: Cannot use JSX unless the '--jsx' flag is provided.
src/components/Teacher/TeacherReportsPage.tsx(156,11): error TS17004: Cannot use JSX unless the '--jsx' flag is provided.
src/components/Teacher/TeacherReportsPage.tsx(158,13): error TS17004: Cannot use JSX unless the '--jsx' flag is provided.
src/components/Teacher/TeacherReportsPage.tsx(166,15): error TS17004: Cannot use JSX unless the '--jsx' flag is provided.
src/components/Teacher/TeacherReportsPage.tsx(167,17): error TS17004: Cannot use JSX unless the '--jsx' flag is provided.
src/components/Teacher/TeacherReportsPage.tsx(168,17): error TS17004: Cannot use JSX unless the '--jsx' flag is provided.
src/components/Teacher/TeacherReportsPage.tsx(170,15): error TS17004: Cannot use JSX unless the '--jsx' flag is provided.
src/components/Teacher/TeacherReportsPage.tsx(171,17): error TS17004: Cannot use JSX unless the '--jsx' flag is provided.
src/components/Teacher/TeacherReportsPage.tsx(172,17): error TS17004: Cannot use JSX unless the '--jsx' flag is provided.
src/components/Teacher/TeacherReportsPage.tsx(175,17): error TS17004: Cannot use JSX unless the '--jsx' flag is provided.
src/components/Teacher/TeacherReportsPage.tsx(176,19): error TS17004: Cannot use JSX unless the '--jsx' flag is provided.
src/components/Teacher/TeacherReportsPage.tsx(185,17): error TS17004: Cannot use JSX unless the '--jsx' flag is provided.
src/components/Teacher/TeacherReportsPage.tsx(194,19): error TS17004: Cannot use JSX unless the '--jsx' flag is provided.
src/components/Teacher/TeacherReportsPage.tsx(196,23): error TS17004: Cannot use JSX unless the '--jsx' flag is provided.
src/components/Teacher/TeacherReportsPage.tsx(204,23): error TS17004: Cannot use JSX unless the '--jsx' flag is provided.
src/components/Teacher/TeacherReportsPage.tsx(205,25): error TS17004: Cannot use JSX unless the '--jsx' flag is provided.
src/components/Teacher/TeacherReportsPage.tsx(209,19): error TS17004: Cannot use JSX unless the '--jsx' flag is provided.
src/components/Teacher/TeacherReportsPage.tsx(210,21): error TS17004: Cannot use JSX unless the '--jsx' flag is provided.
src/components/Teacher/TeacherReportsPage.tsx(214,23): error TS17004: Cannot use JSX unless the '--jsx' flag is provided.
src/components/Teacher/TeacherReportsPage.tsx(218,21): error TS17004: Cannot use JSX unless the '--jsx' flag is provided.
src/components/Teacher/TeacherReportsPage.tsx(219,23): error TS17004: Cannot use JSX unless the '--jsx' flag is provided.
src/components/Teacher/TeacherReportsPage.tsx(248,5): error TS17004: Cannot use JSX unless the '--jsx' flag is provided.
src/components/Teacher/TeacherReportsPage.tsx(252,7): error TS17004: Cannot use JSX unless the '--jsx' flag is provided.
src/components/Teacher/TeacherReportsPage.tsx(254,11): error TS17004: Cannot use JSX unless the '--jsx' flag is provided.
src/components/Teacher/TeacherReportsPage.tsx(256,11): error TS17004: Cannot use JSX unless the '--jsx' flag is provided.
src/components/Teacher/TeacherReportsPage.tsx(257,13): error TS17004: Cannot use JSX unless the '--jsx' flag is provided.
src/components/Teacher/TeacherReportsPage.tsx(261,7): error TS17004: Cannot use JSX unless the '--jsx' flag is provided.
src/components/Teacher/TeacherReportsPage.tsx(262,9): error TS17004: Cannot use JSX unless the '--jsx' flag is provided.
src/components/Teacher/TeacherReportsPage.tsx(263,9): error TS17004: Cannot use JSX unless the '--jsx' flag is provided.
src/components/Teacher/TeacherReportsPage.tsx(265,7): error TS17004: Cannot use JSX unless the '--jsx' flag is provided.
src/components/Teacher/TeacherReportsPage.tsx(532,22): error TS2802: Type 'Set<string>' can only be iterated through when using the '--downlevelIteration' flag or with a '--target' of 'es2015' or higher.
src/components/Teacher/TeacherReportsPage.tsx(592,5): error TS17004: Cannot use JSX unless the '--jsx' flag is provided.
src/components/Teacher/TeacherReportsPage.tsx(593,7): error TS17004: Cannot use JSX unless the '--jsx' flag is provided.
src/components/Teacher/TeacherReportsPage.tsx(594,7): error TS17004: Cannot use JSX unless the '--jsx' flag is provided.
src/components/Teacher/TeacherReportsPage.tsx(596,7): error TS17004: Cannot use JSX unless the '--jsx' flag is provided.
src/components/Teacher/TeacherReportsPage.tsx(598,9): error TS17004: Cannot use JSX unless the '--jsx' flag is provided.
src/components/Teacher/TeacherReportsPage.tsx(599,11): error TS17004: Cannot use JSX unless the '--jsx' flag is provided.
src/components/Teacher/TeacherReportsPage.tsx(600,11): error TS17004: Cannot use JSX unless the '--jsx' flag is provided.
src/components/Teacher/TeacherReportsPage.tsx(606,9): error TS17004: Cannot use JSX unless the '--jsx' flag is provided.
src/components/Teacher/TeacherReportsPage.tsx(607,11): error TS17004: Cannot use JSX unless the '--jsx' flag is provided.
src/components/Teacher/TeacherReportsPage.tsx(608,13): error TS17004: Cannot use JSX unless the '--jsx' flag is provided.
src/components/Teacher/TeacherReportsPage.tsx(609,15): error TS17004: Cannot use JSX unless the '--jsx' flag is provided.
src/components/Teacher/TeacherReportsPage.tsx(610,15): error TS17004: Cannot use JSX unless the '--jsx' flag is provided.
src/components/Teacher/TeacherReportsPage.tsx(611,17): error TS17004: Cannot use JSX unless the '--jsx' flag is provided.
src/components/Teacher/TeacherReportsPage.tsx(611,32): error TS17004: Cannot use JSX unless the '--jsx' flag is provided.
src/components/Teacher/TeacherReportsPage.tsx(612,17): error TS17004: Cannot use JSX unless the '--jsx' flag is provided.
src/components/Teacher/TeacherReportsPage.tsx(614,21): error TS17004: Cannot use JSX unless the '--jsx' flag is provided.
src/components/Teacher/TeacherReportsPage.tsx(619,13): error TS17004: Cannot use JSX unless the '--jsx' flag is provided.
src/components/Teacher/TeacherReportsPage.tsx(620,15): error TS17004: Cannot use JSX unless the '--jsx' flag is provided.
src/components/Teacher/TeacherReportsPage.tsx(621,15): error TS17004: Cannot use JSX unless the '--jsx' flag is provided.
src/components/Teacher/TeacherReportsPage.tsx(622,17): error TS17004: Cannot use JSX unless the '--jsx' flag is provided.
src/components/Teacher/TeacherReportsPage.tsx(622,32): error TS17004: Cannot use JSX unless the '--jsx' flag is provided.
src/components/Teacher/TeacherReportsPage.tsx(623,17): error TS17004: Cannot use JSX unless the '--jsx' flag is provided.
src/components/Teacher/TeacherReportsPage.tsx(625,21): error TS17004: Cannot use JSX unless the '--jsx' flag is provided.
src/components/Teacher/TeacherReportsPage.tsx(630,13): error TS17004: Cannot use JSX unless the '--jsx' flag is provided.
src/components/Teacher/TeacherReportsPage.tsx(631,15): error TS17004: Cannot use JSX unless the '--jsx' flag is provided.
src/components/Teacher/TeacherReportsPage.tsx(632,15): error TS17004: Cannot use JSX unless the '--jsx' flag is provided.
src/components/Teacher/TeacherReportsPage.tsx(633,17): error TS17004: Cannot use JSX unless the '--jsx' flag is provided.
src/components/Teacher/TeacherReportsPage.tsx(633,32): error TS17004: Cannot use JSX unless the '--jsx' flag is provided.
src/components/Teacher/TeacherReportsPage.tsx(634,17): error TS17004: Cannot use JSX unless the '--jsx' flag is provided.
src/components/Teacher/TeacherReportsPage.tsx(636,21): error TS17004: Cannot use JSX unless the '--jsx' flag is provided.
src/components/Teacher/TeacherReportsPage.tsx(644,11): error TS17004: Cannot use JSX unless the '--jsx' flag is provided.
src/components/Teacher/TeacherReportsPage.tsx(645,13): error TS17004: Cannot use JSX unless the '--jsx' flag is provided.
src/components/Teacher/TeacherReportsPage.tsx(646,13): error TS17004: Cannot use JSX unless the '--jsx' flag is provided.
src/components/Teacher/TeacherReportsPage.tsx(647,15): error TS17004: Cannot use JSX unless the '--jsx' flag is provided.
src/components/Teacher/TeacherReportsPage.tsx(648,17): error TS17004: Cannot use JSX unless the '--jsx' flag is provided.
src/components/Teacher/TeacherReportsPage.tsx(654,15): error TS17004: Cannot use JSX unless the '--jsx' flag is provided.
src/components/Teacher/TeacherReportsPage.tsx(660,17): error TS17004: Cannot use JSX unless the '--jsx' flag is provided.
src/components/Teacher/TeacherReportsPage.tsx(668,9): error TS17004: Cannot use JSX unless the '--jsx' flag is provided.
src/components/Teacher/TeacherReportsPage.tsx(677,9): error TS17004: Cannot use JSX unless the '--jsx' flag is provided.
src/components/Teacher/TeacherReportsPage.tsx(678,11): error TS17004: Cannot use JSX unless the '--jsx' flag is provided.
src/components/Teacher/TeacherReportsPage.tsx(680,15): error TS17004: Cannot use JSX unless the '--jsx' flag is provided.
src/components/Teacher/TeacherReportsPage.tsx(688,21): error TS17004: Cannot use JSX unless the '--jsx' flag is provided.
src/components/Teacher/TeacherReportsPage.tsx(688,23): error TS17004: Cannot use JSX unless the '--jsx' flag is provided.
src/components/Teacher/TeacherReportsPage.tsx(689,21): error TS17004: Cannot use JSX unless the '--jsx' flag is provided.
src/components/Teacher/TeacherReportsPage.tsx(689,23): error TS17004: Cannot use JSX unless the '--jsx' flag is provided.
src/components/Teacher/TeacherReportsPage.tsx(697,11): error TS17004: Cannot use JSX unless the '--jsx' flag is provided.
src/components/Teacher/TeacherReportsPage.tsx(698,13): error TS17004: Cannot use JSX unless the '--jsx' flag is provided.
src/components/Teacher/TeacherReportsPage.tsx(699,15): error TS17004: Cannot use JSX unless the '--jsx' flag is provided.
src/components/Teacher/TeacherReportsPage.tsx(700,15): error TS17004: Cannot use JSX unless the '--jsx' flag is provided.
src/components/Teacher/TeacherReportsPage.tsx(704,11): error TS17004: Cannot use JSX unless the '--jsx' flag is provided.
src/components/Teacher/TeacherReportsPage.tsx(705,13): error TS17004: Cannot use JSX unless the '--jsx' flag is provided.
src/components/Teacher/TeacherReportsPage.tsx(706,15): error TS17004: Cannot use JSX unless the '--jsx' flag is provided.
src/components/Teacher/TeacherReportsPage.tsx(707,17): error TS17004: Cannot use JSX unless the '--jsx' flag is provided.
src/components/Teacher/TeacherReportsPage.tsx(713,17): error TS17004: Cannot use JSX unless the '--jsx' flag is provided.
src/components/Teacher/TeacherReportsPage.tsx(723,15): error TS17004: Cannot use JSX unless the '--jsx' flag is provided.
src/components/Teacher/TeacherReportsPage.tsx(724,17): error TS17004: Cannot use JSX unless the '--jsx' flag is provided.
src/components/Teacher/TeacherReportsPage.tsx(727,15): error TS17004: Cannot use JSX unless the '--jsx' flag is provided.
src/components/Teacher/TeacherReportsPage.tsx(727,64): error TS17004: Cannot use JSX unless the '--jsx' flag is provided.
src/components/Teacher/TeacherReportsPage.tsx(729,15): error TS17004: Cannot use JSX unless the '--jsx' flag is provided.
src/components/Teacher/TeacherReportsPage.tsx(730,17): error TS17004: Cannot use JSX unless the '--jsx' flag is provided.
src/components/Teacher/TeacherReportsPage.tsx(731,19): error TS17004: Cannot use JSX unless the '--jsx' flag is provided.
src/components/Teacher/TeacherReportsPage.tsx(732,21): error TS17004: Cannot use JSX unless the '--jsx' flag is provided.
src/components/Teacher/TeacherReportsPage.tsx(733,23): error TS17004: Cannot use JSX unless the '--jsx' flag is provided.
src/components/Teacher/TeacherReportsPage.tsx(734,25): error TS17004: Cannot use JSX unless the '--jsx' flag is provided.
src/components/Teacher/TeacherReportsPage.tsx(735,27): error TS17004: Cannot use JSX unless the '--jsx' flag is provided.
src/components/Teacher/TeacherReportsPage.tsx(740,25): error TS17004: Cannot use JSX unless the '--jsx' flag is provided.
src/components/Teacher/TeacherReportsPage.tsx(741,25): error TS17004: Cannot use JSX unless the '--jsx' flag is provided.
src/components/Teacher/TeacherReportsPage.tsx(742,25): error TS17004: Cannot use JSX unless the '--jsx' flag is provided.
src/components/Teacher/TeacherReportsPage.tsx(745,21): error TS17004: Cannot use JSX unless the '--jsx' flag is provided.
src/components/Teacher/TeacherReportsPage.tsx(747,25): error TS17004: Cannot use JSX unless the '--jsx' flag is provided.
src/components/Teacher/TeacherReportsPage.tsx(748,27): error TS17004: Cannot use JSX unless the '--jsx' flag is provided.
src/components/Teacher/TeacherReportsPage.tsx(749,29): error TS17004: Cannot use JSX unless the '--jsx' flag is provided.
src/components/Teacher/TeacherReportsPage.tsx(751,27): error TS17004: Cannot use JSX unless the '--jsx' flag is provided.
src/components/Teacher/TeacherReportsPage.tsx(752,27): error TS17004: Cannot use JSX unless the '--jsx' flag is provided.
src/components/Teacher/TeacherReportsPage.tsx(753,27): error TS17004: Cannot use JSX unless the '--jsx' flag is provided.
src/components/Teacher/TeacherReportsPage.tsx(754,29): error TS17004: Cannot use JSX unless the '--jsx' flag is provided.
src/components/Teacher/TeacherReportsPage.tsx(761,35): error TS17004: Cannot use JSX unless the '--jsx' flag is provided.
src/components/Teacher/TeacherReportsPage.tsx(761,37): error TS17004: Cannot use JSX unless the '--jsx' flag is provided.
src/components/Teacher/TeacherReportsPage.tsx(762,35): error TS17004: Cannot use JSX unless the '--jsx' flag is provided.
src/components/Teacher/TeacherReportsPage.tsx(762,37): error TS17004: Cannot use JSX unless the '--jsx' flag is provided.
src/components/Teacher/TeacherReportsPage.tsx(772,19): error TS17004: Cannot use JSX unless the '--jsx' flag is provided.
src/components/Teacher/TeacherReportsPage.tsx(773,21): error TS17004: Cannot use JSX unless the '--jsx' flag is provided.
src/components/Teacher/TeacherReportsPage.tsx(776,21): error TS17004: Cannot use JSX unless the '--jsx' flag is provided.
src/components/Teacher/TeacherReportsPage.tsx(777,23): error TS17004: Cannot use JSX unless the '--jsx' flag is provided.
src/components/Teacher/TeacherReportsPage.tsx(778,25): error TS17004: Cannot use JSX unless the '--jsx' flag is provided.
src/components/Teacher/TeacherReportsPage.tsx(780,23): error TS17004: Cannot use JSX unless the '--jsx' flag is provided.
src/components/Teacher/TeacherReportsPage.tsx(781,23): error TS17004: Cannot use JSX unless the '--jsx' flag is provided.
src/components/Teacher/TeacherReportsPage.tsx(782,25): error TS17004: Cannot use JSX unless the '--jsx' flag is provided.
src/components/Teacher/TeacherReportsPage.tsx(792,13): error TS17004: Cannot use JSX unless the '--jsx' flag is provided.
src/components/Teacher/TeacherReportsPage.tsx(793,15): error TS17004: Cannot use JSX unless the '--jsx' flag is provided.
src/components/Teacher/TeacherReportsPage.tsx(794,17): error TS17004: Cannot use JSX unless the '--jsx' flag is provided.
src/components/Teacher/TeacherReportsPage.tsx(795,19): error TS17004: Cannot use JSX unless the '--jsx' flag is provided.
src/components/Teacher/TeacherReportsPage.tsx(796,21): error TS17004: Cannot use JSX unless the '--jsx' flag is provided.
src/components/Teacher/TeacherReportsPage.tsx(799,19): error TS17004: Cannot use JSX unless the '--jsx' flag is provided.
src/components/Teacher/TeacherReportsPage.tsx(804,17): error TS17004: Cannot use JSX unless the '--jsx' flag is provided.
src/components/Teacher/TeacherReportsPage.tsx(805,19): error TS17004: Cannot use JSX unless the '--jsx' flag is provided.
src/components/Teacher/TeacherReportsPage.tsx(811,93): error TS17004: Cannot use JSX unless the '--jsx' flag is provided.
src/components/Teacher/TeacherReportsPage.tsx(811,140): error TS17004: Cannot use JSX unless the '--jsx' flag is provided.
src/components/Teacher/TeacherReportsPage.tsx(814,19): error TS17004: Cannot use JSX unless the '--jsx' flag is provided.
src/components/Teacher/TeacherReportsPage.tsx(820,95): error TS17004: Cannot use JSX unless the '--jsx' flag is provided.
src/components/Teacher/TeacherReportsPage.tsx(820,142): error TS17004: Cannot use JSX unless the '--jsx' flag is provided.
src/components/Teacher/TeacherReportsPage.tsx(827,17): error TS17004: Cannot use JSX unless the '--jsx' flag is provided.
src/components/Teacher/TeacherReportsPage.tsx(828,19): error TS17004: Cannot use JSX unless the '--jsx' flag is provided.
src/components/Teacher/TeacherReportsPage.tsx(842,11): error TS17004: Cannot use JSX unless the '--jsx' flag is provided.
src/components/Teacher/TeacherReportsPage.tsx(843,13): error TS17004: Cannot use JSX unless the '--jsx' flag is provided.
src/components/Teacher/TeacherReportsPage.tsx(844,15): error TS17004: Cannot use JSX unless the '--jsx' flag is provided.
src/components/Teacher/TeacherReportsPage.tsx(845,17): error TS17004: Cannot use JSX unless the '--jsx' flag is provided.
src/components/Teacher/TeacherReportsPage.tsx(846,19): error TS17004: Cannot use JSX unless the '--jsx' flag is provided.
src/components/Teacher/TeacherReportsPage.tsx(847,21): error TS17004: Cannot use JSX unless the '--jsx' flag is provided.
src/components/Teacher/TeacherReportsPage.tsx(850,19): error TS17004: Cannot use JSX unless the '--jsx' flag is provided.
src/components/Teacher/TeacherReportsPage.tsx(852,17): error TS17004: Cannot use JSX unless the '--jsx' flag is provided.
src/components/Teacher/TeacherReportsPage.tsx(853,37): error TS17004: Cannot use JSX unless the '--jsx' flag is provided.
src/components/Teacher/TeacherReportsPage.tsx(853,89): error TS17004: Cannot use JSX unless the '--jsx' flag is provided.
src/components/Teacher/TeacherReportsPage.tsx(859,17): error TS17004: Cannot use JSX unless the '--jsx' flag is provided.
src/components/Teacher/TeacherReportsPage.tsx(860,19): error TS17004: Cannot use JSX unless the '--jsx' flag is provided.
src/components/Teacher/TeacherReportsPage.tsx(863,17): error TS17004: Cannot use JSX unless the '--jsx' flag is provided.
src/components/Teacher/TeacherReportsPage.tsx(864,19): error TS17004: Cannot use JSX unless the '--jsx' flag is provided.
src/components/Teacher/TeacherReportsPage.tsx(865,21): error TS17004: Cannot use JSX unless the '--jsx' flag is provided.
src/components/Teacher/TeacherReportsPage.tsx(866,23): error TS17004: Cannot use JSX unless the '--jsx' flag is provided.
src/components/Teacher/TeacherReportsPage.tsx(867,25): error TS17004: Cannot use JSX unless the '--jsx' flag is provided.
src/components/Teacher/TeacherReportsPage.tsx(868,25): error TS17004: Cannot use JSX unless the '--jsx' flag is provided.
src/components/Teacher/TeacherReportsPage.tsx(869,25): error TS17004: Cannot use JSX unless the '--jsx' flag is provided.
src/components/Teacher/TeacherReportsPage.tsx(870,25): error TS17004: Cannot use JSX unless the '--jsx' flag is provided.
src/components/Teacher/TeacherReportsPage.tsx(871,25): error TS17004: Cannot use JSX unless the '--jsx' flag is provided.
src/components/Teacher/TeacherReportsPage.tsx(872,25): error TS17004: Cannot use JSX unless the '--jsx' flag is provided.
src/components/Teacher/TeacherReportsPage.tsx(875,21): error TS17004: Cannot use JSX unless the '--jsx' flag is provided.
src/components/Teacher/TeacherReportsPage.tsx(877,25): error TS17004: Cannot use JSX unless the '--jsx' flag is provided.
src/components/Teacher/TeacherReportsPage.tsx(878,27): error TS17004: Cannot use JSX unless the '--jsx' flag is provided.
src/components/Teacher/TeacherReportsPage.tsx(879,27): error TS17004: Cannot use JSX unless the '--jsx' flag is provided.
src/components/Teacher/TeacherReportsPage.tsx(880,27): error TS17004: Cannot use JSX unless the '--jsx' flag is provided.
src/components/Teacher/TeacherReportsPage.tsx(881,29): error TS17004: Cannot use JSX unless the '--jsx' flag is provided.
src/components/Teacher/TeacherReportsPage.tsx(889,27): error TS17004: Cannot use JSX unless the '--jsx' flag is provided.
src/components/Teacher/TeacherReportsPage.tsx(890,27): error TS17004: Cannot use JSX unless the '--jsx' flag is provided.
src/components/Teacher/TeacherReportsPage.tsx(891,27): error TS17004: Cannot use JSX unless the '--jsx' flag is provided.
src/components/Teacher/TeacherReportsPage.tsx(892,29): error TS17004: Cannot use JSX unless the '--jsx' flag is provided.
src/components/Teacher/TeacherReportsPage.tsx(898,31): error TS17004: Cannot use JSX unless the '--jsx' flag is provided.
src/components/Teacher/TeacherReportsPage.tsx(909,13): error TS17004: Cannot use JSX unless the '--jsx' flag is provided.
src/components/Teacher/TeacherReportsPage.tsx(910,15): error TS17004: Cannot use JSX unless the '--jsx' flag is provided.
src/components/Teacher/TeacherReportsPage.tsx(911,17): error TS17004: Cannot use JSX unless the '--jsx' flag is provided.
src/components/Teacher/TeacherReportsPage.tsx(912,19): error TS17004: Cannot use JSX unless the '--jsx' flag is provided.
src/components/Teacher/TeacherReportsPage.tsx(913,21): error TS17004: Cannot use JSX unless the '--jsx' flag is provided.
src/components/Teacher/TeacherReportsPage.tsx(916,19): error TS17004: Cannot use JSX unless the '--jsx' flag is provided.
src/components/Teacher/TeacherReportsPage.tsx(918,17): error TS17004: Cannot use JSX unless the '--jsx' flag is provided.
src/components/Teacher/TeacherReportsPage.tsx(921,15): error TS17004: Cannot use JSX unless the '--jsx' flag is provided.
src/components/Teacher/TeacherReportsPage.tsx(922,17): error TS17004: Cannot use JSX unless the '--jsx' flag is provided.
src/components/Teacher/TeacherReportsPage.tsx(925,15): error TS17004: Cannot use JSX unless the '--jsx' flag is provided.
src/components/Teacher/TeacherReportsPage.tsx(926,17): error TS17004: Cannot use JSX unless the '--jsx' flag is provided.
src/components/Teacher/TeacherReportsPage.tsx(927,17): error TS17004: Cannot use JSX unless the '--jsx' flag is provided.
src/components/Teacher/TeacherReportsPage.tsx(928,17): error TS17004: Cannot use JSX unless the '--jsx' flag is provided.
src/components/Teacher/TeacherReportsPage.tsx(931,15): error TS17004: Cannot use JSX unless the '--jsx' flag is provided.
src/components/Teacher/TeacherReportsPage.tsx(932,17): error TS17004: Cannot use JSX unless the '--jsx' flag is provided.
src/components/Teacher/TeacherReportsPage.tsx(933,19): error TS17004: Cannot use JSX unless the '--jsx' flag is provided.
src/components/Teacher/TeacherReportsPage.tsx(934,21): error TS17004: Cannot use JSX unless the '--jsx' flag is provided.
src/components/Teacher/TeacherReportsPage.tsx(935,23): error TS17004: Cannot use JSX unless the '--jsx' flag is provided.
src/components/Teacher/TeacherReportsPage.tsx(936,23): error TS17004: Cannot use JSX unless the '--jsx' flag is provided.
src/components/Teacher/TeacherReportsPage.tsx(937,23): error TS17004: Cannot use JSX unless the '--jsx' flag is provided.
src/components/Teacher/TeacherReportsPage.tsx(938,23): error TS17004: Cannot use JSX unless the '--jsx' flag is provided.
src/components/Teacher/TeacherReportsPage.tsx(939,23): error TS17004: Cannot use JSX unless the '--jsx' flag is provided.
src/components/Teacher/TeacherReportsPage.tsx(940,23): error TS17004: Cannot use JSX unless the '--jsx' flag is provided.
src/components/Teacher/TeacherReportsPage.tsx(941,23): error TS17004: Cannot use JSX unless the '--jsx' flag is provided.
src/components/Teacher/TeacherReportsPage.tsx(944,19): error TS17004: Cannot use JSX unless the '--jsx' flag is provided.
src/components/Teacher/TeacherReportsPage.tsx(948,25): error TS17004: Cannot use JSX unless the '--jsx' flag is provided.
src/components/Teacher/TeacherReportsPage.tsx(949,27): error TS17004: Cannot use JSX unless the '--jsx' flag is provided.
src/components/Teacher/TeacherReportsPage.tsx(950,27): error TS17004: Cannot use JSX unless the '--jsx' flag is provided.
src/components/Teacher/TeacherReportsPage.tsx(951,27): error TS17004: Cannot use JSX unless the '--jsx' flag is provided.
src/components/Teacher/TeacherReportsPage.tsx(952,27): error TS17004: Cannot use JSX unless the '--jsx' flag is provided.
src/components/Teacher/TeacherReportsPage.tsx(952,38): error TS17004: Cannot use JSX unless the '--jsx' flag is provided.
src/components/Teacher/TeacherReportsPage.tsx(953,27): error TS17004: Cannot use JSX unless the '--jsx' flag is provided.
src/components/Teacher/TeacherReportsPage.tsx(954,27): error TS17004: Cannot use JSX unless the '--jsx' flag is provided.
src/components/Teacher/TeacherReportsPage.tsx(955,27): error TS17004: Cannot use JSX unless the '--jsx' flag is provided.
src/components/Teacher/TeacherReportsPage.tsx(956,29): error TS17004: Cannot use JSX unless the '--jsx' flag is provided.
src/components/Teacher/TeacherReportsPage.tsx(963,35): error TS17004: Cannot use JSX unless the '--jsx' flag is provided.
src/components/Teacher/TeacherReportsPage.tsx(964,35): error TS17004: Cannot use JSX unless the '--jsx' flag is provided.
src/components/Teacher/TeacherReportsPage.tsx(964,37): error TS17004: Cannot use JSX unless the '--jsx' flag is provided.
